// Jest Snapshot v1, https://goo.gl/fbAQLP

exports[`Hello World Component Snapshot should match snapshot 1`] = `
"<h1>Hello Jest</h1>
<div class="card"><button type="button">count is 0</button>
  <p> Edit <code>components/HelloWorld.vue</code> to test HMR </p>
</div>
<p> Check out <a href="https://vuejs.org/guide/quick-start.html#local" target="_blank">create-vue</a>, the official Vue + Vite starter </p>
<p> Install <a href="https://github.com/vuejs/language-tools" target="_blank">Volar</a> in your IDE for a better DX </p>
<p class="read-the-docs">Click on the Vite and Vue logos to learn more</p>"
`;
